// Jest Snapshot v1, https://goo.gl/fbAQLP

exports[`renders correctly 1`] = `
Array [
  <p
    style={
      Object {
        "fontSize": "2rem",
        "hyphens": "auto",
        "textAlign": "justify",
      }
    }
  >
    ¡Hola! My name is
  </p>,
  <h1
    className="jsx-2345896288"
  >
    <span
      className="jsx-3140515621"
    >
      <a
        className="jsx-3140515621"
        href="/"
        onClick={[Function]}
      >
        Martin Zlámal
      </a>
    </span>
  </h1>,
]
`;
