// Jest Snapshot v1, https://goo.gl/fbAQLP

exports[`renders correctly 1`] = `
<div>
  <div
    className="jsx-1307704868 wrapper"
  >
    <p
      style={
        Object {
          "fontSize": "2rem",
          "hyphens": "auto",
          "textAlign": "justify",
        }
      }
    >
      ¡Hola! My name is
    </p>
    <h1
      className="jsx-2345896288"
    >
      <span
        className="jsx-3140515621"
      >
        <a
          className="jsx-3140515621"
          href="/"
          onClick={[Function]}
        >
          Martin Zlámal
        </a>
      </span>
    </h1>
    <p
      style={
        Object {
          "fontSize": "2rem",
          "hyphens": "auto",
          "textAlign": "justify",
        }
      }
    >
      <span
        className="jsx-3140515621"
      >
        <a
          className="jsx-3140515621"
          href="/archive"
          onClick={[Function]}
        >
          ← back to the archive
        </a>
      </span>
    </p>
    <h1
      className="jsx-1056554702"
    >
      Barák budoucnosti
    </h1>
    <div
      className="jsx-1056554702 article"
      dangerouslySetInnerHTML={
        Object {
          "__html": "<p>Aneb jak jsem poprvé a naposledy přešlápl. Je to jednoduché, nebudeme si nic nalhávat. Ještě jsem nepochopil smysl Barcampu. A tak se stalo, že jsem si připravil povídání o něčem, co nikdo moc nechápal. Jistě že mě to trošku mrzí, zároveň mi však přijde absurdní, že někdo přijde na přednášku, kde jsem upozorňoval v anotaci na použité technologie, které budou ve vyprávění zahrnuty a pak jsem slyšel, že někdo vůbec nevěděl o čem je řeč. To je ale kapitola sama pro sebe... (-:</p>
<p>Poučím se a děkuji za feedback. Bylo to tak půl na půl. Půl lidí mi opakovala vlastně jednu a tu samou věc. Že to bylo moc složité. Že bylo potřeba znát hodně věcí okolo, aby se mohl člověk chytat. To je jeden z důvodů, proč už si nikdy nevezmu takovou přednášku na akci jako je Barcamp. Spektrum posluchačů totiž bylo extrémní. Od lidí úplně mimo mísu až po lidi, kteří této problematice perfektně rozumí (lépe než já). Proto jsem rád i za druhou polovinu feedbacku. Potkal jsem se totiž zhruba se stejným počtem lidí, ale s obráceným postojem, takže jsem měl prostor některé věci ještě dovysvětlit a vyjasnit. Bylo fakt super, když mě někdo zastavil na chodbě a chtěl vědět jak je technicky možné pořešit některé věci o kterých jsem mluvil, nebo si chtěl povídat o tom, jak jsou ty koncentrátory vlastně implementované a jak to funguje podrobněji, <strong>že se mu to líbí!</strong></p>
<p>Zjednodušeně - nejsem spokojený se svým výstupem, ale jsem rád, že jsem mohl potkat několik inspirativních lidí a dobře si popovídat. Díky. Nebudu to zde více rozpatlávat. Podívejte se na prezentaci... (-:</p>
<iframe src=\\"//www.slideshare.net/slideshow/embed_code/46412746\\" width=\\"752\\" height=\\"462\\" frameborder=\\"0\\" marginwidth=\\"0\\" marginheight=\\"0\\" scrolling=\\"no\\" style=\\"border:1px solid #CCC; border-width:1px; margin-bottom:5px; max-width: 100%;\\" allowfullscreen> </iframe>

<p>Přikládám ještě odkazy na zmiňovaný <a href=\\"http://www.st.com/web/en/resource/technical/document/reference_manual/DM00031020.pdf\\">referenční manuál</a> od mikrokontrolérů a dokument pojednávající o myšlence Fog Computingu: <a href=\\"http://conferences.sigcomm.org/sigcomm/2012/paper/mcc/p13.pdf\\">Fog Computing and Its Role in the Internet of Things</a>.</p>
<h2 id=\\"a-co-ostatn-p-edn-ky-\\">A co ostatní přednášky? <a href=\\"#a-co-ostatn-p-edn-ky-\\">#</a></h2><p>No tak všechny skvělé. Já si vážím toho, když někdo vystoupí a ukáže co dělá a je z toho nadšený. Některé přednášky jsem tedy jen proseděl a nic nového jsem se moc nedozvěděl (a to právě nevím, jestli mám od Barcampů čekat). Ne všechny přednášky pro mě mají takovou informační hodnotu. Ale lidem se to líbí, takže za mě dobré.</p>
<p>Součástí Barcampu byl i <a href=\\"https://day.arduino.cc/#/\\">Arduino Day 2015</a>. Tam jsem byl pouze na přednášce o Superkondenzátorech. Kamarád z toho byl úplně nadšený. Pokud vás zajímá elektronika a nejlépe ještě rádi bastlíte, tak doporučuji vyhledat si záznam. Já osobně považuji za nejlepší přednášky <a href=\\"https://plzenskybarcamp.cz/2015/prednasky/5cd9cd30\\">8 a půl roku přednášení pro Microsoft</a> a <a href=\\"https://plzenskybarcamp.cz/2015/prednasky/8eba3b56\\">Od zadání k release za dva dny: jak se programuje v novinách</a> aneb jak se hledá balanc mezi náprasem a perfektním kódem... (-:</p>
<p>A když opomenu přednášky? No tak Afterparty byla super. I zde jsem měl příležitost prohodit pár zajímavých rozhovorů. Nakonec se to trošku protáhlo a do postele jsem ulehal až v 6 ráno. Ale s hezkým pocitem, že nedělám úplné hovadiny, jen se musím naučit své myšlenky lidem lépe prodat...</p>
",
        }
      }
    />
    <p
      style={
        Object {
          "fontSize": "2rem",
          "hyphens": "auto",
          "textAlign": "justify",
        }
      }
    >
      <strong>
        Do you have any comments? That's great!
         
        <span
          className="jsx-3140515621"
        >
          <a
            className="jsx-3140515621 "
            href="https://twitter.com/home?status=https%3A%2F%2Fzlml.cz%2Fbarak-budoucnosti%20cc%20%40mrtnzlml"
          >
            Tweet them
          </a>
        </span>
         
        so everyone can hear you…
      </strong>
    </p>
    <p
      style={
        Object {
          "fontSize": "2rem",
          "hyphens": "auto",
          "textAlign": "justify",
        }
      }
    >
      <span
        className="jsx-3140515621"
      >
        <a
          className="jsx-3140515621"
          href="/archive"
          onClick={[Function]}
        >
          ← back to the archive
        </a>
      </span>
    </p>
  </div>
</div>
`;
