// Jest Snapshot v1, https://goo.gl/fbAQLP

exports[`renders correctly 1`] = `
<div>
  <div
    className="jsx-1307704868 wrapper"
  >
    <p
      style={
        Object {
          "fontSize": "2rem",
          "hyphens": "auto",
          "textAlign": "justify",
        }
      }
    >
      ¡Hola! My name is
    </p>
    <h1
      className="jsx-2345896288"
    >
      <span
        className="jsx-3140515621"
      >
        <a
          className="jsx-3140515621"
          href="/"
          onClick={[Function]}
        >
          Martin Zlámal
        </a>
      </span>
    </h1>
    <p
      style={
        Object {
          "fontSize": "2rem",
          "hyphens": "auto",
          "textAlign": "justify",
        }
      }
    >
      <span
        className="jsx-3140515621"
      >
        <a
          className="jsx-3140515621"
          href="/archive"
          onClick={[Function]}
        >
          ← back to the archive
        </a>
      </span>
    </p>
    <h1
      className="jsx-1056554702"
    >
      Crazy JavaScript PDF generator
    </h1>
    <div
      className="jsx-1056554702 article"
      dangerouslySetInnerHTML={
        Object {
          "__html": "<p>Kdysi mi někdo řekl, že správný programátor by měl být tak trošku děvka pro všechno. Nestačí jen umět PHP. Nestačí jen umět JavaScript. S tímto názorem jsem od samého začátku souhlasil. Ostatně je to jeden z důvodů, proč se občas zajímám i o věci, které v nejbližší době nevyužiju a zase tolik jim nerozumím (také to podle toho pak vypadá). Jednou z takových věcí je <a href=\\"http://facebook.github.io/react/index.html\\">React</a>. Nedávno jsem si hrál také s <a href=\\"http://phantomjs.org/\\">PhantomJS</a> a když už jsme u toho, tak ani <a href=\\"http://www.slideshare.net/MartinZlmal/nodejs-42314371\\">NodeJS mi není cizí</a>. A co se stane, když se jednoho večera rozhodnete spojit všechno dohromady? Něco šíleného... (-:</p>
<h2 id=\\"kr-tk-sezn-men-\\">Krátké seznámení <a href=\\"#kr-tk-sezn-men-\\">#</a></h2><p>Vzhledem k tomu, že tento blog byl vždy zacílen spíše na začátečníky, bylo by vhodné jednotlivé projekty krátce přiblížit.</p>
<p><a href=\\"http://facebook.github.io/react/index.html\\">React</a> vytvořený Facebookem se sám prezentuje jako knihovna pro stavění uživatelských rozhraní. V sekci <a href=\\"http://facebook.github.io/react/docs/why-react.html\\">Why React?</a> se lze však dočíst zajímavější skorodefinici: <em>&quot;Many people choose to think of React as the <strong>V</strong> in MVC.&quot;</em> Celá myšlenka Reactu je postavená na komponentách. A já mám <a href=\\"https://doc.nette.org/cs/components\\">komponenty rád</a>. Myslím si, že je to dobrý směr jak udržet v aplikaci chaos na rozumné úrovni. Než abych to zde však dlouhosáhle popisoval, doporučuji pojet si <a href=\\"http://facebook.github.io/react/docs/getting-started.html\\">Getting Started</a>.</p>
<p><a href=\\"http://phantomjs.org/\\">PhantomJS</a> je oproti tomu úplně něco jiného. Jedná se o tzv. &quot;headless browser&quot; - velmi volně přeloženo prohlížeč bez grafického rozhraní. Je to takové Safari bez Safari. Prohlížeč, kterému úplně chybí (jinak pomalá) renderovací vrstva. Nejedná se tedy o prohlížeč, který by chtěl kdokoliv používat, ale spíše o nástroj, kterým lze skutečný prohlížeč nahradit třeba na serveru. Primárně se tedy používá pro testování aplikací, ve fantazii se však meze nekladou. Je tak možné např. tvořit screeny webů, nebo spouštět plně JavaScriptové stránky a koukat se na jejich obsah. Já jej začal používat kvůli rychlosti (oproti Seleniu), v tomto konkrétním případě však slouží právě pro spuštění čistě JavaScriptové stránky.</p>
<p>No a konečně <a href=\\"https://nodejs.org/en/\\">NodeJS</a> - JavaScriptové prostředí pro server. Zatímco ostatní jej využívají pro tvorbu aplikací, které jsou napsány v JS prakticky kompletně (server,  klient), já jej využíval kvůli svým vlastnostem spíše na rychlou komunikaci elektronika - server. To se mi na JS líbí. Dnes se nechají napsat i velmi složité věci pomocí pár řádek, ale třeba práce s časem a datumem bude vždy oser... (-:</p>
<h2 id=\\"n-co-len-ho\\">Něco šíleného <a href=\\"#n-co-len-ho\\">#</a></h2><p><img src=\\"https://zlmlcz-media.s3-eu-west-1.amazonaws.com/e80e305e-8431-4c0e-9c79-5db761c22608/199aff3.jpg\\" alt=\\"\\"></p>
<p>To je tak když se sejde několik věcí najednou. Vytvořit si faktury, otestovat aplikaci, neustálý přirozený hlad po NodeJS. A pak to přišlo. Co si tak vytvořit <a href=\\"https://github.com/mrtnzlml/js-invoice-generator\\">generátor faktur</a>, který bude samotnou fakturu stavět pomocí Reactu, server bude tvořit NodeJS a PDF budu generovat tak, že si tu stránku otevřu v PhantomJS a uložím (čímž snad získám velmi přesný výsledek)? Samozřejmě jsem se pokukoval i po již hotových řešeních jako je třeba <a href=\\"https://www.fakturoid.cz/\\">Fakturiod</a>. A kdybych byl jen o kousek línější, tak bych asi nic takového netvořil. Nakonec jsem se však pouze inspiroval <a href=\\"https://www.fakturoid.cz/blog/2015/08/25/nova-verejna-stranka-faktury\\">peckovým designem jedné z jejich faktur</a> (protože k designu mám asi tak daleko jako k Praze z Azor) s tím, že jí komplet napíšu znova pomocí komponent v Reactu a budu se modlit, aby to nikoho z Fakturoidu (až si tento článek přečte) neurazilo... (-:</p>
<p>Prvním krokem bylo <a href=\\"https://github.com/mrtnzlml/js-invoice-generator/blob/master/run.js\\">naškytnout samotný server</a>. Zde bylo potřeba nastartovat ještě samotný PhantomJS pomocí <a href=\\"https://nodejs.org/api/child_process.html#child_process_child_process_spawn_command_args_options\\">child_process</a>. Mohl jsem to udělaj jakkoliv jinak, ale takovou opičárnu jsem si vždy chtěl vyzkoušet. Samotná příprava stránky pro PhantomJS je pak <a href=\\"https://github.com/mrtnzlml/js-invoice-generator/blob/master/invoice.js\\">jednoduchá</a>. Takže server funguje a PhantomJS běží. Co dál?</p>
<p>Chtělo by to něco co by šlo renderovat. Takové minimální rozumné HTML může vypadat fakt jednoduše:</p>
<pre><code class=\\"lang-html\\">&lt;!DOCTYPE html&gt;
&lt;html&gt;
&lt;head&gt;
    &lt;meta charset=&quot;UTF-8&quot;/&gt;
    &lt;script src=&quot;react.js&quot;&gt;&lt;/script&gt;
&lt;/head&gt;
&lt;body&gt;
    &lt;div id=&quot;react-root&quot;&gt;&lt;/div&gt;
    &lt;script src=&quot;build/index.js&quot;&gt;&lt;/script&gt;
&lt;/body&gt;
&lt;/html&gt;
</code></pre>
<p>Kde <code>react.js</code> je samotný React a <code>build/index.js</code> obsahuje definici komponent:</p>
<pre><code class=\\"lang-jsx\\">var LikeButton = React.createClass({
    render: function () {
        return (
            &lt;button&gt;LikeButton&lt;/button&gt;
        );
    }
});

React.render(&lt;LikeButton /&gt;, document.getElementById(&#39;react-root&#39;));
</code></pre>
<p>Je to fakt minimální, ale funkční kód, takže si to může vyzkoušet každý. Přechozí zápis samozřejmě není JavaScript, ale <a href=\\"https://facebook.github.io/jsx/\\">JSX</a>, takže je třeba jej ještě přeložit (<code>jsx --watch src/ build/</code>). Výsledný kód je pak v tomto konkrétním jednoduchém případě velmi podobný:</p>
<pre><code class=\\"lang-javascript\\">var LikeButton = React.createClass({displayName: &quot;LikeButton&quot;,
    render: function () {
        return (
            React.createElement(&quot;button&quot;, null, &quot;LikeButton&quot;)
        );
    }
});

React.render(React.createElement(LikeButton, null), document.getElementById(&#39;react-root&#39;));
</code></pre>
<p>Pokud se vrátím zpět k faktuře, tak její HTML <a href=\\"https://github.com/mrtnzlml/js-invoice-generator/blob/master/invoice.html\\">je také velmi jednoduché</a> a celá sranda se odehrává <a href=\\"https://github.com/mrtnzlml/js-invoice-generator/blob/master/src/react-invoice.js\\">zde</a>. Zde jsem si také schválně chtěl vyzkoušet, jak reálně funguje <a href=\\"https://facebook.github.io/react/tips/inline-styles.html\\">Inline Styles</a>. Samotná faktura je tedy tvořena pouze krátkým HTML a pěknou kopou JavaScriptu. Žádné CSS. Abych řekl pravdu, tak se mi s tím moc dobře nepracuje, ale to je dáno spíše tím, že zase až tolik CSS nehovím a proto bylo místy komplikované přemýšlet nad tím jak funguje React a zároveň držet v hlavě to, jak má faktura nakonec vypadat. Koukal jsem se, jak se to řeší na jiných webech jedoucích na Reactu a asi se o zase až tak nepoužívá. Ale konec naříkání. Podívejte se <a href=\\"https://github.com/mrtnzlml/js-invoice-generator/blob/master/invoice.pdf\\">na výsledek</a>.</p>
<h2 id=\\"qr-k-d\\">QR kód <a href=\\"#qr-k-d\\">#</a></h2><p>Ještě bych se rád zaměřil na samotný QR kód, který je na faktuře (<a href=\\"https://github.com/mrtnzlml/js-invoice-generator/blob/master/src/react-invoice.js#L246-L269\\">komponenta</a>). Použil jsem <a href=\\"https://larsjung.de/jquery-qrcode/\\">stejnou knihovnu</a>, kterou používám zde na blogu v záhlaví (nejlepší). Protože se jedná o QR, tak se nedá čekat, že by obsahoval něco složitého (<a href=\\"http://qr-platba.cz/pro-vyvojare/specifikace-formatu/\\">podrobný popis formátu</a>):</p>
<pre><code>SPD*1.0*ACC:CZ4101000000123456789101+KOMBCZPPXXX*AM:2750.00*CC:CZK*MSG:PLATBA FAKTURY 2015-0001*X-VS:20150001
</code></pre><p>Je to takový hloupý <a href=\\"http://redis.io/topics/protocol\\">RESP</a>. Řetězec začíná označením formátu <code>SPD*1.0*</code> a následuje vždy výčet položek <code>klíč:hodnota*</code>, které chceme do QR kódu dostat. Povinný je pouze <code>ACC</code>, což je IBAN, popř. IBAN+BIC. Následuje částka, měna, zpráva pro příjemce a variabilní symbol.</p>
<p>Takže úkol někdy na příště. Přepsat <strong>V</strong> u blogu do Reactu? (-:</p>
",
        }
      }
    />
    <p
      style={
        Object {
          "fontSize": "2rem",
          "hyphens": "auto",
          "textAlign": "justify",
        }
      }
    >
      <strong>
        Do you have any comments? That's great!
         
        <span
          className="jsx-3140515621"
        >
          <a
            className="jsx-3140515621 "
            href="https://twitter.com/home?status=https%3A%2F%2Fzlml.cz%2Fcrazy-javascript-pdf-generator%20cc%20%40mrtnzlml"
          >
            Tweet them
          </a>
        </span>
         
        so everyone can hear you…
      </strong>
    </p>
    <p
      style={
        Object {
          "fontSize": "2rem",
          "hyphens": "auto",
          "textAlign": "justify",
        }
      }
    >
      <span
        className="jsx-3140515621"
      >
        <a
          className="jsx-3140515621"
          href="/archive"
          onClick={[Function]}
        >
          ← back to the archive
        </a>
      </span>
    </p>
  </div>
</div>
`;
