// Jest Snapshot v1, https://goo.gl/fbAQLP

exports[`renders correctly 1`] = `
<div>
  <div
    className="jsx-1307704868 wrapper"
  >
    <p
      style={
        Object {
          "fontSize": "2rem",
          "hyphens": "auto",
          "textAlign": "justify",
        }
      }
    >
      ¡Hola! My name is
    </p>
    <h1
      className="jsx-2345896288"
    >
      <span
        className="jsx-3140515621"
      >
        <a
          className="jsx-3140515621"
          href="/"
          onClick={[Function]}
        >
          Martin Zlámal
        </a>
      </span>
    </h1>
    <p
      style={
        Object {
          "fontSize": "2rem",
          "hyphens": "auto",
          "textAlign": "justify",
        }
      }
    >
      <span
        className="jsx-3140515621"
      >
        <a
          className="jsx-3140515621"
          href="/archive"
          onClick={[Function]}
        >
          ← back to the archive
        </a>
      </span>
    </p>
    <h1
      className="jsx-1056554702"
    >
      Čteme Data Matrix bez čtečky
    </h1>
    <div
      className="jsx-1056554702 article"
      dangerouslySetInnerHTML={
        Object {
          "__html": "<p><img src=\\"https://zlmlcz-media.s3-eu-west-1.amazonaws.com/1fc11f25-abc2-453e-abb4-adb31d0ccf17/datamatrix.png\\" alt=\\"\\"></p>
<p>Dnešním článkem navazuji na dřívější článek <a href=\\"cteme-qr-kody-bez-ctecky\\">Čteme QR kódy bez čtečky</a>, ve kterém jsem řešil čtení QR kódu bez použití jakéhokoliv čtecího zařízení. A dnes budu řešit téměř to samé, ale s jiným kódem. Data Matrix není tolik známý, ale myslím si, že patří, hned po QR kódech, mezi nejpoužívanější kódy vůbec. Po tomto článku si jich zajisté začnete všímat více. Naposledy jsem jej viděl na balíčku od jahod... (-: Opět platí, že hlavním cílem je kód přečíst, nikoliv mu úplně porozumět, takže nebudu rozebírat velké detaily.</p>
<p>Levý obrázek je kód o kterém bude celou dobu řeč.</p>
<h2 id=\\"trocha-nezbytn-teorie\\">Trocha nezbytné teorie <a href=\\"#trocha-nezbytn-teorie\\">#</a></h2><p><img src=\\"https://zlmlcz-media.s3-eu-west-1.amazonaws.com/0dd271b6-21ea-4c3c-a447-723b76257b50/datamatrix-key.png\\" alt=\\"\\"></p>
<p>Tento kód je oproti QR kódu velmi jednoduchý, takže i teorie bude stručná. Veškerá data a korekce chyb je ukryta uvnitř rámu, který je z části plný. To umožňuje čtečkám poznat kde všude je ještě kód a jak je natočen. Z pohledu &quot;ručního&quot; čtení je tato část nezajímavá. Modře jsou zvýrazněny 4 bity, které k ničemu neslouží a zaplňují jen prázdné místo. Ne vždy je tento úkaz vidět. Bohužel tentokrát nemám k dispozici originální specifikaci, takže nevím jakým přesným pravidlům to podléhá.</p>
<p>Nejpodstatnější jsou však červeně zarámované oblasti. Všechny mají takovýto tvar a vždy mají přesně dané umístění. Toto umístění je vlastně dáno první oblastí s číslem 2. Nicméně z hlediska umístění dat je nejdůležitější pátý bit v prvním sloupci od kterého vše startuje. Pokud obrazec přesahuje to timing zón, tedy do nažloutlého rámu, tak pokračuje na druhé straně, tedy dole, nebo na pravé straně.</p>
<p>Data se v kódu čtou podle čísel, tedy podél takové diagonální vlnovky a to až do obrazce s číslem 5. Tento obrazec určuje konec zprávy. V našem případě se tedy jedná o zprávu, která má 4 znaky. A jak už to tak bývá, tak jsou všechny znaky přenášeny v binárním formátu. Zbytek kódu, který není nijak zvýrazněn je klasicky Reed–Solomon korekce chyb. Možná bych o tomto mechanismu také mohl někdy napsat článek. Nicméně napovažuji to za úplně jednoduchá záležitost, takže si to zatím nechám v zásobě.</p>
<h2 id=\\"hrajeme-si-na-te-ku\\">Hrajeme si na čtečku <a href=\\"#hrajeme-si-na-te-ku\\">#</a></h2><p>Přečíst zprávu v takto teoreticky rozebraném kódu už je otázka chvilky. Najdříve si vytáhneme všechny potřebné části. V tomto případě je zbytečné řešit pátý člen, jelikož se jedná o poslední ukončovací. Jeho hodnota je 129 v desítkové soustavě. Získané útvary jsou vidět na obrázku níže.</p>
<p><img src=\\"https://zlmlcz-media.s3-eu-west-1.amazonaws.com/76028c59-4e5f-42f4-a411-3452844a30d2/last.png\\" alt=\\"\\"></p>
<p>Čísla určují pozici bitů v binárním čísle. Po přepsání do binární podoby mají znaky následující hodnoty:</p>
<pre><code>01100010 01101001 01110000 01101011
</code></pre><p>V desítkové podobě jsou to tedy čísla:</p>
<pre><code>98 105 112 107
</code></pre><p>Následně je zapotřebí od těchto čísel odečíst jednotku. Abych řekl pravdu, tak jsem po dlouhém uvažování nedokázal přijít s rozumným vysvětlením proč se to tak dělá. Původně mě napadadlo, že je to kvůli lepšímu rozložení bitů ve výsledném obrazci. Stejně tak jako se u QR kódů bity ještě maskují. To ale nedává smysl. Je to jen posunutí o jedna. Nic víc... Nicméně je zřejmé, že spousta věcí je v takovýchto kódech minimálně na zamyšlení. Ale zpět k poslednímu kroku. Z předchozího článku již všichni vědí, že číslo 97 je v ASCII tabulce hodnota znaku <strong>a</strong>, takže po odečtení jednotky a přepsání do čitelné podoby získáváme řešení:</p>
<pre><code>97 104 111 106
a  h   o   j
</code></pre><p>Tento kód je pro čtení bez čtečky daleko snadnější, komplikuje to jen nezvyklé uspořádání bitů. Jaký další kód bych měl dostat pod drobnohled? Snad to půjde. Mám zde totiž rozpracovaný ještě jiný a nemohu k němu sehnat normu pro nahlédnutí, takže jsem se zatím zasekl... (-:</p>
",
        }
      }
    />
    <p
      style={
        Object {
          "fontSize": "2rem",
          "hyphens": "auto",
          "textAlign": "justify",
        }
      }
    >
      <strong>
        Do you have any comments? That's great!
         
        <span
          className="jsx-3140515621"
        >
          <a
            className="jsx-3140515621 "
            href="https://twitter.com/home?status=https%3A%2F%2Fzlml.cz%2Fcteme-data-matrix-bez-ctecky%20cc%20%40mrtnzlml"
          >
            Tweet them
          </a>
        </span>
         
        so everyone can hear you…
      </strong>
    </p>
    <p
      style={
        Object {
          "fontSize": "2rem",
          "hyphens": "auto",
          "textAlign": "justify",
        }
      }
    >
      <span
        className="jsx-3140515621"
      >
        <a
          className="jsx-3140515621"
          href="/archive"
          onClick={[Function]}
        >
          ← back to the archive
        </a>
      </span>
    </p>
  </div>
</div>
`;
