// Jest Snapshot v1, https://goo.gl/fbAQLP

exports[`renders correctly 1`] = `
<div>
  <div
    className="jsx-1307704868 wrapper"
  >
    <p
      style={
        Object {
          "fontSize": "2rem",
          "hyphens": "auto",
          "textAlign": "justify",
        }
      }
    >
      ¡Hola! My name is
    </p>
    <h1
      className="jsx-2345896288"
    >
      <span
        className="jsx-3140515621"
      >
        <a
          className="jsx-3140515621"
          href="/"
          onClick={[Function]}
        >
          Martin Zlámal
        </a>
      </span>
    </h1>
    <p
      style={
        Object {
          "fontSize": "2rem",
          "hyphens": "auto",
          "textAlign": "justify",
        }
      }
    >
      <span
        className="jsx-3140515621"
      >
        <a
          className="jsx-3140515621"
          href="/archive"
          onClick={[Function]}
        >
          ← back to the archive
        </a>
      </span>
    </p>
    <h1
      className="jsx-1056554702"
    >
      Doctrine pro non-doctrine programátory
    </h1>
    <div
      className="jsx-1056554702 article"
      dangerouslySetInnerHTML={
        Object {
          "__html": "<p>A také o tom proč jsem se ptal kdo studoval, studuje, nebo bude studovat elektrotechnickou fakultu a proč jsem si až pak uvědomil, že jsem se vlastně zeptal úplně blbě.</p>
<p>Ale napřed k samotné přednášce. Nemá smysl zde psát dlouhosáhlé slohy o tom co jsem říkal, počkejte si na video. Pár slov si však neodpustím. Myslím si, že jsem málo zdůraznil to, aby si každý koho to alespoň trošku zajímá Doctrine vyzkoušel. Ale ne jen tak si něco uložit a přečíst z databáze. Já jsem si například přepsal tento blog. Kompletně. Udělejte něco podobného. Teprve potom se ukáže jaké jsou výhody/nevýhody a hlavně - teprve teď se můžete rozhodnout co vám více sedí, protože už máte vyřešené nějaké konkrétní problémy, ne jen modelové situace. Výměnou za hvězdičku se můžete inspirovat například <a href=\\"https://github.com/mrtnzlml/zlml.cz\\">zde</a>.</p>
<p>A co když si nevíte rady? To nevadí. Stává se to často, proto existuje spoustu míst kde se ptát. Jedno je samozřejmě zde. Existuje však <a href=\\"http://forum.nette.org/cs/\\">Nette fórum</a> a pak (a to hlavně) <a href=\\"https://help.kdyby.org/\\">Kdyby HELP fórum</a>. Na všech místech vám určitě někdo poradí.</p>
<iframe src=\\"//www.slideshare.net/slideshow/embed_code/key/79L3O5KfQJxyOc\\" width=\\"752\\" height=\\"462\\" frameborder=\\"0\\" marginwidth=\\"0\\" marginheight=\\"0\\" scrolling=\\"no\\" style=\\"border:1px solid #CCC; border-width:1px; margin-bottom:5px; max-width: 100%;\\" allowfullscreen> </iframe>

<p>Ještě než prozradím jak je to s tou FEL, rád bych ještě jednou poděkoval lidem z <a href=\\"http://www.antstudio.cz/\\">ANT studia</a>, protože bez nich bych si PoSobotu nemohl tolik užít a nemohl bych zajít na afterpivo - i když jen nealkoholické. Těší mě to i z toho důvodu, že právě s <a href=\\"http://www.antstudio.cz/\\">ANT studiem</a> začínám, po vyřešení všech studijních formalit, spolupracovat na zajímavých projektech v Nette... (-:</p>
<p>A teď už konečně k oné nešťastné otázce. Správně měla znít:</p>
<blockquote>
<p>Kdo studoval, studuje, nebo bude studovat nějakou <strong>neprogramátorskou</strong> školu?</p>
</blockquote>
<p>Bylo totiž krátkozraké omezit se jen na elektro, ale tam to vše vzniklo a už jsem to neřešil dál. Upozornil mě na to až <a href=\\"https://twitter.com/stekycz\\">@stekycz</a>. A proč jsem se na to ptal? Inu nastal čas kdy jsem se potřeboval posunout někam dál a začal jsem obcházet firmy v Plzni. Měl jsem tak příležitost potkat spoustu zajímavých lidí a skutečně si vybrat něco co by mě mohlo bavit. A při tomto kolečku mě zaujal často se opakující rozhovor:</p>
<blockquote>
<p>Takže vy studuje asi FAV, že?</p>
<p>Ne, FEL.</p>
<p>Aha, to my také...</p>
</blockquote>
<p>A bylo to častější, než bych si byl kdy býval pomyslel. Došel jsem pak s kolegou k jednoduchému závěru. Zřejmě všichni kdo programují dobrovolně, tedy všichni které do programování nepřinutí škola, jsou prostě dobří. Mají obrovskou naději na uchycení se. Viděl jsem to i z pozice kdy jsem dělal pohovory s lidma. Je skutečně obrovský rozdíl potkat borce z FAV a programátora z FEL nebo odkudkoliv kde programování zase až tak nefrčí.</p>
<p>A naposledy ještě jednou velké díky <a href=\\"https://twitter.com/chemix_cz\\">@chemix_cz</a>! Odvádíš neuvěřitelnou práci.</p>
",
        }
      }
    />
    <p
      style={
        Object {
          "fontSize": "2rem",
          "hyphens": "auto",
          "textAlign": "justify",
        }
      }
    >
      <strong>
        Do you have any comments? That's great!
         
        <span
          className="jsx-3140515621"
        >
          <a
            className="jsx-3140515621 "
            href="https://twitter.com/home?status=https%3A%2F%2Fzlml.cz%2Fdoctrine-pro-non-doctrine-programatory%20cc%20%40mrtnzlml"
          >
            Tweet them
          </a>
        </span>
         
        so everyone can hear you…
      </strong>
    </p>
    <p
      style={
        Object {
          "fontSize": "2rem",
          "hyphens": "auto",
          "textAlign": "justify",
        }
      }
    >
      <span
        className="jsx-3140515621"
      >
        <a
          className="jsx-3140515621"
          href="/archive"
          onClick={[Function]}
        >
          ← back to the archive
        </a>
      </span>
    </p>
  </div>
</div>
`;
