// Jest Snapshot v1, https://goo.gl/fbAQLP

exports[`renders correctly 1`] = `
<div>
  <div
    className="jsx-1307704868 wrapper"
  >
    <p
      style={
        Object {
          "fontSize": "2rem",
          "hyphens": "auto",
          "textAlign": "justify",
        }
      }
    >
      ¡Hola! My name is
    </p>
    <h1
      className="jsx-2345896288"
    >
      <span
        className="jsx-3140515621"
      >
        <a
          className="jsx-3140515621"
          href="/"
          onClick={[Function]}
        >
          Martin Zlámal
        </a>
      </span>
    </h1>
    <p
      style={
        Object {
          "fontSize": "2rem",
          "hyphens": "auto",
          "textAlign": "justify",
        }
      }
    >
      <span
        className="jsx-3140515621"
      >
        <a
          className="jsx-3140515621"
          href="/archive"
          onClick={[Function]}
        >
          ← back to the archive
        </a>
      </span>
    </p>
    <h1
      className="jsx-1056554702"
    >
      Fígloidní odstranění záhlaví modulu
    </h1>
    <div
      className="jsx-1056554702 article"
      dangerouslySetInnerHTML={
        Object {
          "__html": "<p>Dnešní článek bude spíše zápisek, protože jsem řešení tohoto problému hledal neskutečně dlouho a jak se později ukázalo, tak řešení je sice jednoduché, ale je zakořeněné hluboko v jádru Odoo ERP systému. O co jde. Občas je potřeba schovat záhlaví (viz obrázek) u některých modulů.</p>
<p><img src=\\"https://zlmlcz-media.s3-eu-west-1.amazonaws.com/ddfc321c-2190-4cf6-98a9-89852713e626/vystrizek.png\\" alt=\\"\\"></p>
<p>Tento panel má sice dobrý důvod, ale existují případy, kde je prostě nadbytečný. Typický případ takové nadbytečnosti je modul Dashboards (technický název <code>board</code>) kdy je tento prostor nijak nevyužívaný. Zřejmě by tento problém šel řešit nějaký hackem, ale to prostě není dobře. Problém je <a href=\\"https://github.com/odoo/odoo/blob/8.0/addons/web/static/src/js/views.js#L905\\">zde</a>. &quot;Special case for Dashboards&quot;...</p>
<h2 id=\\"jak-na-to\\">Jak na to <a href=\\"#jak-na-to\\">#</a></h2><p>Asi úplně nejjasnější bude, když popíšu posloupnost kroků, které vedou ke správnému řešení. Nejedná se o nic kompikovaného. Všechny níže uváděné postupy jsou klasické postupy při vývoji modulu. Jen je (do teď) pravděpodobně nikde nenajdete, nebo nad tím zbytečně vytuhnete na zoufale dlouhou dobu. Ostatně <a href=\\"https://searchcode.com/?q=views_switcher%20lang:Javascript\\">podívejte se</a>, jak je výskyt tohoto kousku užitečného kódu <a href=\\"https://github.com/odoo/odoo/search?l=javascript&amp;q=views_switcher&amp;type=Code&amp;utf8=%E2%9C%93\\">používaný</a> v public repozitářích... :-)</p>
<p><span style=\\"font-size:2em\\">1.</span> Registrace XML definice v <code>__openerp__.conf</code></p>
<p>Tato záležitost je asi celkem jasná. Jednoduše musíme definovat, že se má při compile-time brát ohled na XML soubor, ve kterém zaregistrujeme JS soubor viz další bod.</p>
<pre><code class=\\"lang-python\\">{
    #...

    &#39;data&#39;: [
        &#39;views/header.xml&#39;,
    ],

    #...
}
</code></pre>
<p><span style=\\"font-size:2em\\">2.</span> Registrace JS souboru</p>
<p>To jsem to ale nazval blbě... (-: V předchozím bodě je tedy definovanám soubor v podadresáři <code>views</code>, jehož obsah je např. takovýto:</p>
<pre><code class=\\"lang-html\\">&lt;?xml version=&quot;1.0&quot; encoding=&quot;utf-8&quot;?&gt;
&lt;openerp&gt;
    &lt;data&gt;
        &lt;template id=&quot;assets_backend&quot; name=&quot;queue assets&quot; inherit_id=&quot;web.assets_backend&quot;&gt;
            &lt;xpath expr=&quot;.&quot; position=&quot;inside&quot;&gt;
                &lt;script type=&quot;text/javascript&quot; src=&quot;/module_name/static/src/js/header.js&quot;/&gt;
            &lt;/xpath&gt;
        &lt;/template&gt;
    &lt;/data&gt;
&lt;/openerp&gt;
</code></pre>
<p>Tato registrace je naprosto běžná. ERP se k tomu pak staví poměrně chytře, takže když je ERP v <code>?debug=</code> módu, tak souboru vrací tak jak jsou, jinak je všechny skládá do jednoho a provádí minimalizaci. V tomto případě je rozdíl signifikantní.</p>
<p><span style=\\"font-size:2em\\">3.</span> Javascript definice</p>
<p>Je známá věc, že si toto ERP bez JS ani neuprdne. Na jednu stranu mě to trošku štve, na druhou stranu to nemá vůbec smysl řešit. Dalším krokem proto bude definice na straně JS, která zakáže tomuto konkrétnímu view vykreslení headeru:</p>
<pre><code class=\\"lang-javascript\\">openerp.module_name = function (instance) {
    //var QWeb = instance.web.qweb;
    if (!instance.module_name) {
        instance.module_name = {};
    }

    //zde navíc např. definice pro instance.web.qweb

    instance.web.ViewManagerAction.include({
        init: function(parent, action) {
            var flags = action.flags || {};
            if (action.res_model == &#39;module_model&#39; &amp;&amp; action.view_mode === &#39;form&#39;) {
                _.extend(flags, {
                    views_switcher : false,
                    display_title : false,
                    search_view : false,
                    pager : false,
                    sidebar : false,
                    action_buttons : false
                });
            }
            action.flags = flags
            this._super(parent, action);
        },
    });
}
</code></pre>
<p>Toto nastavení je vlastně úplně to stejné, jako je v jádru. Jedná se o naprosto korektní a čisté řešení. Bohužel je nutné jej řešit touto myškou, protože toto není funkce, která je (nebo by do budoucna měla být) přímo podporována. Dává to smysl, protože se jedná o skutečně krajní případ.</p>
<p>A na závěr mám pro všechny čtenáře třešničku v podobě easter eggu. Vyzkoušejte si doplnit do URL parametr <code>?kitten=</code>, stejně jako se doplňuje například ten parametr pro zapnutí debug režimu... (-: <em>#yourewelcome</em></p>
",
        }
      }
    />
    <p
      style={
        Object {
          "fontSize": "2rem",
          "hyphens": "auto",
          "textAlign": "justify",
        }
      }
    >
      <strong>
        Do you have any comments? That's great!
         
        <span
          className="jsx-3140515621"
        >
          <a
            className="jsx-3140515621 "
            href="https://twitter.com/home?status=https%3A%2F%2Fzlml.cz%2Ffigloidni-odstraneni-zahlavi-modulu%20cc%20%40mrtnzlml"
          >
            Tweet them
          </a>
        </span>
         
        so everyone can hear you…
      </strong>
    </p>
    <p
      style={
        Object {
          "fontSize": "2rem",
          "hyphens": "auto",
          "textAlign": "justify",
        }
      }
    >
      <span
        className="jsx-3140515621"
      >
        <a
          className="jsx-3140515621"
          href="/archive"
          onClick={[Function]}
        >
          ← back to the archive
        </a>
      </span>
    </p>
  </div>
</div>
`;
