// Jest Snapshot v1, https://goo.gl/fbAQLP

exports[`renders correctly 1`] = `
<div>
  <div
    className="jsx-1307704868 wrapper"
  >
    <p
      style={
        Object {
          "fontSize": "2rem",
          "hyphens": "auto",
          "textAlign": "justify",
        }
      }
    >
      ¡Hola! My name is
    </p>
    <h1
      className="jsx-2345896288"
    >
      <span
        className="jsx-3140515621"
      >
        <a
          className="jsx-3140515621"
          href="/"
          onClick={[Function]}
        >
          Martin Zlámal
        </a>
      </span>
    </h1>
    <p
      style={
        Object {
          "fontSize": "2rem",
          "hyphens": "auto",
          "textAlign": "justify",
        }
      }
    >
      <span
        className="jsx-3140515621"
      >
        <a
          className="jsx-3140515621"
          href="/archive"
          onClick={[Function]}
        >
          ← back to the archive
        </a>
      </span>
    </p>
    <h1
      className="jsx-1056554702"
    >
      Lovec matematik
    </h1>
    <div
      className="jsx-1056554702 article"
      dangerouslySetInnerHTML={
        Object {
          "__html": "<p>Znáte následující hádanku?</p>
<p>Lovec ráno vyrazí na lov. Nejprve jde 10 km na jih, poté 10 km na západ a nakonec 10 km na sever. V cíli své cesty zjišťuje, že se vrátil na stejné místo, ze kterého ráno vyšel. Tam zastřelil medvěda. Jakou měl medvěd barvu?</p>
<p>Řešení je více než jednoduché. Stačí si představit sférický trojúhelník vycházející ze severního pólu, který má všechny strany dlouhé 10 km (tedy každý úhel má 90°). Vzhledem k severnímu pólu je zřejmé, že medvěd musí být bílý. Existuje však ještě jiné řešení této hádanky čistě z geometrického (matematického chcete-li) hlediska? Vypusťme tedy medvěda a zamysleme se nad následující hádankou:</p>
<p>Lovec ráno vyrazí na lov. Nejprve jde 10 km na jih, poté 10 km na západ a nakonec 10 km na sever. V cíli své cesty zjišťuje, že se vrátil na stejné místo, ze kterého ráno vyšel. Měl však smůlu a tak nic neulovil.</p>
<p>Jedno řešení už známe. Zamyslete se ještě jednou nad druhým řešením. Přesuňme se na jižní polokouli do libovolného bodu vzdáleného 11 591,55 m od jižního pólu. Pokud šel lovec nejprve 10 km na jih, dorazil do druhého bodu vzdáleného 1591,55 m od jižního pólu. Ze základní matematiky jistě všichni znají vzorec pro obvod kruhu O = 2&pi;r. Dosazením do vzorce zjistíme velmi zajímavou skutečnost. Obvod kruhu, tedy délka cesty na západ je dlouhá přibližně přesně 10 km. Lovec se tedy dostane na stejný bod vzdálený 1591,55 m od pólu a cestou na sever dojde do úplného začátku stejně tak jako tomu bylo při využití sférického trojúhelníku na opačné straně planety.</p>
<p>Pokud nebyl lovec matematik a neuvědomoval si tuto skutečnost, muselo být poměrně vyčerpávající dorazit po třiceti kilometrech do stejného místa...</p>
",
        }
      }
    />
    <p
      style={
        Object {
          "fontSize": "2rem",
          "hyphens": "auto",
          "textAlign": "justify",
        }
      }
    >
      <strong>
        Do you have any comments? That's great!
         
        <span
          className="jsx-3140515621"
        >
          <a
            className="jsx-3140515621 "
            href="https://twitter.com/home?status=https%3A%2F%2Fzlml.cz%2Flovec-matematik%20cc%20%40mrtnzlml"
          >
            Tweet them
          </a>
        </span>
         
        so everyone can hear you…
      </strong>
    </p>
    <p
      style={
        Object {
          "fontSize": "2rem",
          "hyphens": "auto",
          "textAlign": "justify",
        }
      }
    >
      <span
        className="jsx-3140515621"
      >
        <a
          className="jsx-3140515621"
          href="/archive"
          onClick={[Function]}
        >
          ← back to the archive
        </a>
      </span>
    </p>
  </div>
</div>
`;
