// Jest Snapshot v1, https://goo.gl/fbAQLP

exports[`renders correctly 1`] = `
<div>
  <div
    className="jsx-1307704868 wrapper"
  >
    <p
      style={
        Object {
          "fontSize": "2rem",
          "hyphens": "auto",
          "textAlign": "justify",
        }
      }
    >
      ¡Hola! My name is
    </p>
    <h1
      className="jsx-2345896288"
    >
      <span
        className="jsx-3140515621"
      >
        <a
          className="jsx-3140515621"
          href="/"
          onClick={[Function]}
        >
          Martin Zlámal
        </a>
      </span>
    </h1>
    <p
      style={
        Object {
          "fontSize": "2rem",
          "hyphens": "auto",
          "textAlign": "justify",
        }
      }
    >
      <span
        className="jsx-3140515621"
      >
        <a
          className="jsx-3140515621"
          href="/archive"
          onClick={[Function]}
        >
          ← back to the archive
        </a>
      </span>
    </p>
    <h1
      className="jsx-1056554702"
    >
      More awesome Monolog for
    </h1>
    <div
      className="jsx-1056554702 article"
      dangerouslySetInnerHTML={
        Object {
          "__html": "<p>Nedávno mi přišel požadavek na vytvoření takového jednoduchého způsobu, jak logovat uživatelské akce - konkrétně zatím jen přihlášení uživatele (do databáze). Mohl jsem to udělat jednoduše a prostě to někam do kódu nahákovat. A nebo jsem to mohl udělat tak, jak jsem to také nakonec udělal - složitě. Samozřejmě je třeba dopředu dostatečně promyslet, jestli to za tu práci stojí, ale měl jsem dostatek argumentů proto, že ano.</p>
<p>Jedna z nejdůležitějších myšlenek byla, že časem bude pravděpodobně potřeba logovat do databáze i další akce, než je jen přihlašování. Druhým velmi silným faktorem (který ovlivnil celé řešení) bylo, že používáme <a href=\\"https://github.com/Seldaek/monolog\\">Monolog</a>. Konkrétně Kdyby\\\\Monolog rozšíření.</p>
<h2 id=\\"kdyby-monolog\\">Kdyby Monolog <a href=\\"#kdyby-monolog\\">#</a></h2><p>Znáte tuto knihovnu (<a href=\\"https://github.com/Kdyby/Monolog\\">GitHub</a>)? Věřím, že ano. Kolem Kdyby knihoven byl velký hype. Velká síla této knihovny je v tom, že se dokáže velmi jednoduše napojit na Tracy a to takovým způsobem, že můžete používat Monolog bez BC breaku (tedy pomocí <code>Tracy\\\\Debugger::log()</code>). Větším přiblížením k Monologu jako takovému, je pak používání služby <code>Kdyby\\\\Monolog\\\\Logger</code> resp. <code>Monolog\\\\Logger</code> jako závislosti v konstruktoru.</p>
<p>Kdyby logger pak obsahuje tato nastavení (ne všechny jsou v dokumentaci):</p>
<pre><code class=\\"lang-neon\\">monolog:
    handlers: []
    processors: []
    name: app
    hookToTracy: yes
    tracyBaseUrl: NULL
    usePriorityProcessor: yes
    registerFallback: yes
</code></pre>
<p>Pro programátora je asi nejzajímavější možnost nastavit si vlastní <a href=\\"https://github.com/Seldaek/monolog/blob/master/doc/02-handlers-formatters-processors.md#handlers\\">handlery</a> a <a href=\\"https://github.com/Seldaek/monolog/blob/master/doc/02-handlers-formatters-processors.md#processors\\">procesory</a>. Pozornějšímu oku však neunikne, že toto nastavení funguje globálně pro celou aplikaci. Jenže občas se hodí mít více loggerů a každý mít nastavený jinak. Nevím, jestli jsem náhodou Kdyby\\\\Monolog nepochopil špatně, ale jedinou šancí jak toho dosáhnout, je nenastavoval logger v configu, vytvořit si vlastní <code>Logger</code> objekty a ty si nastavit (<code>pushHandler</code>, <code>pushProcessor</code> a <code>setFormatter</code> u handlerů). A to je naprd.</p>
<h2 id=\\"adeira-monolog\\">Adeira Monolog <a href=\\"#adeira-monolog\\">#</a></h2><p>Mít více vlastních loggerů už se mi párkrát hodilo. A právě i zde by bylo super mít objekt, který mi umožní jednoduše něco zalogovat do databáze. Zároveň je však super propojení s Tracy, které má tak skvělě vyřešené Kdyby\\\\Monolog. Jak z toho vybruslit? Vlastním Composer balíčkem. Než se dostanu k samotné instalaci a nastavení, ukážu zde, jak jsem využil vlastní logger. Pořád však mějte na paměti, že si kdykoliv musím být schopen sáhnout na původní <code>Kdyby\\\\Monolog\\\\Logger</code> a vesele logovat podle globálního nastavení!</p>
<p>Prvně jsem si vytvořil vlastní logger:</p>
<pre><code class=\\"lang-php\\">&lt;?php

namespace App\\\\Audit\\\\Monolog\\\\Loggers;

class UsersAuditLogger extends \\\\Monolog\\\\Logger
{

}
</code></pre>
<p>Přesně, víc toho není potřeba. Tento objekt vlastně slouží jen k tomu, abych měl co předávat v konstruktoru jako závislost. A zároveň je to ta nejdivnější část - teď už to bude jen lepší. Teď by bylo fajn mít vlastní handler, který mu později přiřadíme a který se bude starat o to ukládání do databáze. Šlo by udělat to, že by handler skutečně ukládal rovnou do databáze, ale použiju zde malý fígl:</p>
<pre><code class=\\"lang-php\\">&lt;?php

namespace App\\\\Audit\\\\Monolog\\\\Handler;

class UsersAuditDatabaseHandler extends \\\\Monolog\\\\Handler\\\\AbstractProcessingHandler
{

    /** @var \\\\App\\\\Audit\\\\EntitiesQueue */
    private $entitiesQueue;

    public function __construct(\\\\App\\\\Audit\\\\EntitiesQueue $entitiesQueue)
    {
        $this-&gt;entitiesQueue = $entitiesQueue;
        parent::__construct(\\\\Monolog\\\\Logger::DEBUG, TRUE); //TRUE - bubble
    }

    protected function write(array $record)
    {
        $auditRecord = new \\\\App\\\\Audit\\\\AuditRecord($record[&#39;level&#39;], $record[&#39;message&#39;], $record[&#39;datetime&#39;]);
        $this-&gt;entitiesQueue-&gt;add($auditRecord);
    }

}
</code></pre>
<p>Je to jen zjednodušený příklad. Důležité ale je, že jsem zde zatím nic neuložil, ale pouze to zařadil do jakési fronty na entity. To proto, že logů může být více a chci si je napřed všechny posbírat a následně je v jedné transakci poslat do databáze. Objekt <code>AuditRecord</code> je obyčejná Doctrine entita. <code>EntitiesQueue</code> je jednoduchý objekt, který tyto entity sbírá a zároveň naslouchá na <code>Application::onShutdown</code>:</p>
<pre><code class=\\"lang-php\\">&lt;?php

namespace App\\\\Audit;

class EntitiesQueue implements \\\\Kdyby\\\\Events\\\\Subscriber
{
    //závislosti, prázdné pole, metoda &#39;add&#39; atd. ...

    public function getSubscribedEvents()
    {
        return [&#39;Nette\\\\Application\\\\Application::onShutdown&#39; =&gt; &#39;onShutdown&#39;];
    }

    public function onShutdown()
    {
        foreach ($this-&gt;entities as $entity) {
            $this-&gt;em-&gt;persist($entity);
        }
        $this-&gt;em-&gt;flush();
        $this-&gt;entities = [];
    }

}
</code></pre>
<p>Veškeré logy se tedy uloží až v okamžiku, kdy aplikace ukončuje svůj životní běh (podobný princip se používá i při práci s RabbitMQ). Použití je pak triviální. V jiném listeneru naslouchám na událost <code>Nette\\\\Security\\\\User::onLoggedIn</code> a v tomto okamžiku zaloguji zprávu. Ten vlastní <code>UsersAuditLogger</code> je zde jako závislost.</p>
<pre><code class=\\"lang-php\\">$this-&gt;usersAuditLogger-&gt;addInfo(&quot;User with login &#39;$login&#39; logged into administration.&quot;);
</code></pre>
<h2 id=\\"instalace-a-nastaven-bal-ku\\">Instalace a nastavení balíčku <a href=\\"#instalace-a-nastaven-bal-ku\\">#</a></h2><p>Ok, cool - jak to použiju? Úplně jednoduše:</p>
<pre><code>composer require adeira/monolog
</code></pre><p>Následně zaregistrujeme rozšíření do DIC:</p>
<pre><code class=\\"lang-neon\\">extensions:
    monolog: Adeira\\\\Monolog\\\\DI\\\\MonologExtension
</code></pre>
<p>A dále už to znáte. Následuje krátká ukázka toho, co se s tím dá dělat za švíky. Tento balíček sám od sebe registruje spoustu formátovačů, procesorů a jeden handler z Monologu (<a href=\\"https://github.com/adeira/monolog/blob/master/readme.md\\">viz readme</a>). Ty je pak možné jednoduše používat pouze podle jejich názvu. Zároveň je zachována téměř veškerá funkcionalita Kdyby\\\\Monologu (ano, můj balíček toto rozšíření rozšiřuje, protože napojení na Tracy je fakt super). Mohu si pak nastavit loggery třeba takto:</p>
<pre><code class=\\"lang-neon\\">monolog:
    hookToTracy: yes
    registerFallback: yes
    usePriorityProcessor: yes

    processors:
        web: Monolog\\\\Processor\\\\WebProcessor(NULL, [
                ip: REMOTE_ADDR,
                userAgent: HTTP_USER_AGENT,
            ])

    handlers:
        database:
            class: App\\\\Audit\\\\Monolog\\\\Handler\\\\UsersAuditDatabaseHandler
            processors: [web]
        slack:
            class: Adeira\\\\Monolog\\\\Handler\\\\SlackHandler(
                productionMode: %productionMode%,
                token: &#39;.....&#39;,
                channel: exceptions,
                username: &#39;Monolog&#39;,
                useAttachment: no,
                iconEmoji: poop,
                level: Monolog\\\\Logger::CRITICAL,
                bubble: yes,
                useShortAttachment: no,
                includeContextAndExtra: yes,
            )

    loggers:
        global: #global logger from Kdyby (\\\\Kdyby\\\\Monolog\\\\Logger)
            handlers: [slack]
            processors: [git, web]
        - class: App\\\\Audit\\\\Monolog\\\\Loggers\\\\UsersAuditLogger
          handlers: [database]
</code></pre>
<p>A teď slovně. V sekci <code>processors</code> měním chování <code>web</code> procesoru. Ten je sice již zaregistrovaný, ale nelíbí se mi jeho chování. Vlastní konfigurace má přednost. Dále přidávám dva nové handlery (<code>database</code> a <code>slack</code>). Databázový handler používá procesor <code>web</code> na které jsem se odkázal jen pomocí názvu. O propojení se již postará knihovna sama. V balíčku je připravený handler <code>SlackHandler</code>, který navíc oproti původnímu z Monologu chová tak, že zprávičky posílá jen jednou za 15 minut. To může být užitečné... :-)</p>
<p>No a konečně samotné loggery. Logger z Tracy lze nastavit pomocí speciální sekce <code>global</code>. Zde si nastavuji slack handler a 2 procesory. Zároveň přidávám ještě vlastní logger (registruje se stejně jako v sekci <code>services</code>) a nastavuji mu databázové handler. A o to vlastně celou dobu šlo.</p>
<p>Pretty cool, hm? <a href=\\"https://github.com/adeira/monolog\\">PR a hvězdičky prosím sem</a>... :)</p>
<p>Dodatečné odkazy na čtení:</p>
<ul>
<li><a href=\\"http://symfony.com/doc/current/logging.html\\">Logging with Monolog</a></li>
<li><a href=\\"http://symfony.com/doc/current/logging/channels_handlers.html\\">How to Log Messages to different Files</a></li>
<li><a href=\\"https://github.com/theorchard/monolog-cascade\\">Configure multiple loggers and handlers</a></li>
</ul>
<p><a href=\\"https://twitter.com/mrtnzlml\\">Follow me on Twitter and stay tuned</a>...</p>
",
        }
      }
    />
    <p
      style={
        Object {
          "fontSize": "2rem",
          "hyphens": "auto",
          "textAlign": "justify",
        }
      }
    >
      <strong>
        Do you have any comments? That's great!
         
        <span
          className="jsx-3140515621"
        >
          <a
            className="jsx-3140515621 "
            href="https://twitter.com/home?status=https%3A%2F%2Fzlml.cz%2Fmore-awesome-monolog-for-nettefw%20cc%20%40mrtnzlml"
          >
            Tweet them
          </a>
        </span>
         
        so everyone can hear you…
      </strong>
    </p>
    <p
      style={
        Object {
          "fontSize": "2rem",
          "hyphens": "auto",
          "textAlign": "justify",
        }
      }
    >
      <span
        className="jsx-3140515621"
      >
        <a
          className="jsx-3140515621"
          href="/archive"
          onClick={[Function]}
        >
          ← back to the archive
        </a>
      </span>
    </p>
  </div>
</div>
`;
