// Jest Snapshot v1, https://goo.gl/fbAQLP

exports[`renders correctly 1`] = `
<div>
  <div
    className="jsx-1307704868 wrapper"
  >
    <p
      style={
        Object {
          "fontSize": "2rem",
          "hyphens": "auto",
          "textAlign": "justify",
        }
      }
    >
      ¡Hola! My name is
    </p>
    <h1
      className="jsx-2345896288"
    >
      <span
        className="jsx-3140515621"
      >
        <a
          className="jsx-3140515621"
          href="/"
          onClick={[Function]}
        >
          Martin Zlámal
        </a>
      </span>
    </h1>
    <p
      style={
        Object {
          "fontSize": "2rem",
          "hyphens": "auto",
          "textAlign": "justify",
        }
      }
    >
      <span
        className="jsx-3140515621"
      >
        <a
          className="jsx-3140515621"
          href="/archive"
          onClick={[Function]}
        >
          ← back to the archive
        </a>
      </span>
    </p>
    <h1
      className="jsx-1056554702"
    >
      PSR-4 autoloader aplikace
    </h1>
    <div
      className="jsx-1056554702 article"
      dangerouslySetInnerHTML={
        Object {
          "__html": "<p>Nikdy jsem moc nelpěl na PSR-FIG pravidlech. Částečně možná proto, že jsem je nikdy moc nechápal, částečně možná proto, že nemám rád, když mi někdo něco nutí. Nekterá pravidla jsou ale docela fajn (i když se vždy něco najde). Jedním z jich je <a href=\\"http://www.php-fig.org/psr/psr-4/\\">PSR-4: Improved Autoloading</a>. Jenže proč řešit nějaký autoloading, když v Nette funguje skvěle, ani o tom člověk neví? Fakticky jsou v každém sandboxu použity minimálně 2 autoloadery a mohl bych se tedy ohánět rychlostí, protože:</p>
<blockquote>
<p><em>If there must be multiple autoload functions, spl_autoload_register() allows for this. It effectively creates a queue of autoload functions, and runs through each of them in the order they are defined. By contrast, __autoload() may only be defined once. (<a href=\\"http://php.net/manual/en/function.spl-autoload-register.php\\">zdroj</a></em>)</p>
</blockquote>
<p>Ale to je otázka a praticky jsem nikdy žádný významný posun ve výkonu nezaregistroval (i když teoreticky nemusím iterovat přes celý vendor, abych našel něco v app). Mnohem významnější je pro mě sada pravidel, kterými se programátor musí při použití PSR-4 řídit. Ty budu postupně popisovat v následujícím textu.</p>
<h2 id=\\"psr-4-na-ist-m-projektu\\">PSR-4 na čistém projektu <a href=\\"#psr-4-na-ist-m-projektu\\">#</a></h2><p>Nasadit PSR-4 na <a href=\\"https://github.com/nette/web-project\\">čistém projektu</a> je jednoduché. Stačí pouze pár jednoduchých kroků. V první řadě odstraníme RobotLoader - nebude vůbec potřeba. To znamená odstranit jej z <code>composer.json</code> a smazat z <code>bootstrap.php</code>. Teď ale aplikace nefunguje. Vraťme se tedy do <code>composer.json</code> a přidáme jednu sekci s definicí PSR-4 autoloaderu:</p>
<pre><code class=\\"lang-js\\">&quot;autoload&quot;: {
  &quot;psr-4&quot;: {
    &quot;App\\\\\\\\&quot;: [
      &quot;app/router/&quot;
    ],
    &quot;App\\\\\\\\Presenters\\\\\\\\&quot;: [
      &quot;app/presenters/&quot;
    ]
  }
}
</code></pre>
<p>Může se stát, že to nebude hned fungovat, pak stačí spustit příkaz <code>composer dump-autoload</code> a Composer si přegeneruje autoloading pravidla. Teď nám však web-project vrátí toto:</p>
<blockquote>
<p><em>RobotLoader is required to find presenters, install package <code>nette/robot-loader</code> or disable option application.scanDirs: false</em> .{color:red}</p>
</blockquote>
<p>Dobře, tak zakážeme prohledávání vendoru za účelem nalezení presenterů ve vendoru. Stejně to teď nepotřebujeme:</p>
<pre><code class=\\"lang-neon\\">application:
    scanDirs: no
</code></pre>
<p>A aplikace rázem opět funguje. Udělal jsem to schválně tak, aby fungoval web-project bez zásahu do struktury. Je zde však několik drobných problémů, které nejsou možná na první pohled vidět. Zejména je ošklivá definice v <code>composer.json</code>. Proč by to nemohlo být prostě jen takto:</p>
<pre><code class=\\"lang-js\\">&quot;autoload&quot;: {
  &quot;psr-4&quot;: {
    &quot;App\\\\\\\\&quot;: [
      &quot;app/&quot;
    ]
  }
}
</code></pre>
<p>Mohlo, jen musíme zasáhnout do adresářové struktury (nezapomeňte na <code>composer dump-autoload</code>). Tímto mappingem totiž určujeme kde má být třída umístěna v adresářové struktuře vzhledem k namespace. Takže když bude namespace začínat na <code>App</code>, tak se budou třídy hledat ve složce <code>app</code>. Jenže je třeba dodržet minimálně jedno důležité pavidlo. Namespace (a tedy i výsledná adresářová struktura) musí být case-sensitive - což ve web-projectu není. Toto je pro mě asi největší přínos PSR-4. Jasně je totiž dáno jak se má adresářová struktura tvořit. Prostě podle toho jaké chci používat namespace. Vždy jsem totiž zápasil s tím, jestli psát složky s velkým písmenem a jak moc vše zanořovat atd. Teď je to vše jasné.</p>
<p>Přejmenujme tedy <code>\\\\App\\\\RouterFactory</code> na <code>\\\\App\\\\Router\\\\RouterFactory</code>. Nezapomeňte přeregistrovat službu v <code>config.neon</code> a změnit název složky v <code>router</code> na <code>Router</code>. Podobnou úpravu provedeme i s presentery kdy stačí jen zvětšit první písmeno složky <code>Presenters</code>. A aplikace stále funguje. :)</p>
<p>Podobné jednoduché úpravy budou fungovat na jakémkoliv projektu, je však zřejmé, že je občas vhodné zasáhnout do adresářové struktury, proto bych doporučoval udělat tyto úpravy co nejdříve (pokud chcete PSR-4).</p>
<h2 id=\\"composer-autoload\\">Composer autoload <a href=\\"#composer-autoload\\">#</a></h2><p>Jak to tedy celé vlastně funguje? Vše to vězí v této první řádce <code>boostrap.php</code>:</p>
<pre><code class=\\"lang-php\\">$classLoader = require __DIR__ . &#39;/../vendor/autoload.php&#39;;
</code></pre>
<p>V souboru <code>autoload.php</code> se skrývá něco takového:</p>
<pre><code class=\\"lang-php\\">&lt;?php

// autoload.php @generated by Composer

require_once __DIR__ . &#39;/composer&#39; . &#39;/autoload_real.php&#39;;

return ComposerAutoloaderInit091ed5d24b4127ffc48411e34be2086f::getLoader();
</code></pre>
<p>Zde se připraví pomocí třídy <code>\\\\Composer\\\\Autoload\\\\ClassLoader</code> autoloader ze všech možných zdrojů (pomocí <code>spl_autoload_register</code>), které <a href=\\"https://getcomposer.org/doc/04-schema.md#autoload\\">Composer podporuje</a>.</p>
<p>A to je vlastně celé. Ještě existují dvě vylepšení, které Composer podporuje u příkazu <code>dump-autoload</code>:</p>
<ul>
<li><code>--optimize</code> (<code>-o</code>): Convert PSR-0/4 autoloading to classmap to get a faster autoloader. This is recommended especially for production, but can take a bit of time to run so it is currently not done by default.</li>
<li><code>--classmap-authoritative</code> (<code>-a</code>): Autoload classes from the classmap only. Implicitly enables <code>--optimize</code>.</li>
</ul>
<p>Pokud tedy chcete načítání tříd ještě zrychlit, tak vytvořte optimalizovaný autoloader, který předpřipraví pole s názvem třídy a rovnou kde lze danou třídu najít. To je velmi rychlé, protože se PHP dívá jen do tohoto pole viz implementace:</p>
<pre><code class=\\"lang-php\\">// class map lookup
if (isset($this-&gt;classMap[$class])) {
    return $this-&gt;classMap[$class];
}
</code></pre>
<p>Navíc v authoritative módu tímto Composer končí a dál nehledá. Jinak se pokusí ještě najít třídu pomocí dalších způsobů autoloadingu. Pro názornost uvedu jak vypadá Composer autoloader v jednotlivých módech. První je jen tak bez ničeho:</p>
<pre><code>Composer\\\\Autoload\\\\ClassLoader #5cfb ▼
  prefixLengthsPsr4 =&gt; array (1) ▼
    A =&gt; array (1) ▼
      &quot;App\\\\&quot; =&gt; 4
  prefixDirsPsr4 private =&gt; array (1) ▼
    &quot;App\\\\&quot; =&gt; array (1) ▼
      0 =&gt; &quot;/var/www/html/web-project/app&quot; (29)
  classMap private =&gt; array (345) ►
  classMapAuthoritative private =&gt; FALSE
</code></pre><p>Je vidět, že je zaregistrovaný pouze jeden jmenný prostor, v classmap autoloaderu je navíc 345 tříd a nepoužíváme authoritative mód. Optimalizovaný autoloader (<code>composer dump-autoload --optimize</code>) se liší jen málo:</p>
<pre><code>Composer\\\\Autoload\\\\ClassLoader #c492 ▼
  prefixLengthsPsr4 =&gt; array (1) ▼
    A =&gt; array (1) ▼
      &quot;App\\\\&quot; =&gt; 4
  prefixDirsPsr4 private =&gt; array (1) ▼
    &quot;App\\\\&quot; =&gt; array (1) ▼
      0 =&gt; &quot;/var/www/html/web-project/app&quot; (29)
  classMap private =&gt; array (349) ►
  classMapAuthoritative private =&gt; FALSE
</code></pre><p>Konkrétně je v classmap autoloaderu najednou 349 třídy (navíc 3x presenter a RouterFactory).  Authoritative mód (<code>composer dump-autoload -a</code>) už je o něco odlišnější:</p>
<pre><code>Composer\\\\Autoload\\\\ClassLoader #7553 ▼
  prefixLengthsPsr4 private =&gt; array ()
  prefixDirsPsr4 private =&gt; array ()
  classMap private =&gt; array (349) ►
  classMapAuthoritative private =&gt; TRUE
</code></pre><p>Stále je v classmap 349 tříd, ale interně už neexistuje nic jako PSR-4 autoloader a vše se tedy hledá pouze v classmap autoloaderu. S touto ukázkou to musí být všem už naprosto jasné. :)</p>
<h2 id=\\"psr-4-ve-star-aplikaci\\">PSR-4 ve starší aplikaci <a href=\\"#psr-4-ve-star-aplikaci\\">#</a></h2><p>Ve starších (již fungujících) aplikacích je vše samozřejmě stejné. Je však třeba upozornit na další PSR-4 pravidlo, kvůli kterému jsem se dlouho zdráhal přejít. Každá třída totiž musí být ve vlastním souboru. Toto pravidlo je určitě dobré, ale myslím si, že dává smysl připojovat definice generovaných továren do toho samého souboru, jako třeba komponentu kterou vytvářejí. Při přechodu je tedy třeba tyto soubory rozdělit.</p>
<p>Další nepříjemností může být struktura, která na PSR-4 prostě nesedí a bylo by velmi složité vše předělávat. Je však škoda nepoužít Composer autoloader jen kvůli takovému drobnému zádrhelu. V tomto případě je možné použít třeba dříve zmiňovaný classmap:</p>
<pre><code class=\\"lang-js\\">&quot;autoload&quot;: {
  &quot;psr-4&quot;: {
    &quot;App\\\\\\\\&quot;: [
      &quot;app/&quot;
    ]
  },
  &quot;classmap&quot;: [
    &quot;libs/&quot;,
    &quot;include/&quot;
  ]
}
</code></pre>
<p>Toto jen potvrzuje to, co jsem psal již dříve. Je dobré rozmyslet se včas, protože přechod může být později téměř nemožný. Každopádně striknost z hlediska adresářové struktury je pro mě tak důležitá, že jsem přestal váhat a přešel jsem. Pořád si nejsem jist s tím, jestli oddělené generované továrničky jsou přesně to, co se mi líbí, ale to už je jen drobný problém.</p>
",
        }
      }
    />
    <p
      style={
        Object {
          "fontSize": "2rem",
          "hyphens": "auto",
          "textAlign": "justify",
        }
      }
    >
      <strong>
        Do you have any comments? That's great!
         
        <span
          className="jsx-3140515621"
        >
          <a
            className="jsx-3140515621 "
            href="https://twitter.com/home?status=https%3A%2F%2Fzlml.cz%2Fpsr-4-autoloader-aplikace%20cc%20%40mrtnzlml"
          >
            Tweet them
          </a>
        </span>
         
        so everyone can hear you…
      </strong>
    </p>
    <p
      style={
        Object {
          "fontSize": "2rem",
          "hyphens": "auto",
          "textAlign": "justify",
        }
      }
    >
      <span
        className="jsx-3140515621"
      >
        <a
          className="jsx-3140515621"
          href="/archive"
          onClick={[Function]}
        >
          ← back to the archive
        </a>
      </span>
    </p>
  </div>
</div>
`;
