// Jest Snapshot v1, https://goo.gl/fbAQLP

exports[`renders correctly 1`] = `
<div>
  <div
    className="jsx-1307704868 wrapper"
  >
    <p
      style={
        Object {
          "fontSize": "2rem",
          "hyphens": "auto",
          "textAlign": "justify",
        }
      }
    >
      ¡Hola! My name is
    </p>
    <h1
      className="jsx-2345896288"
    >
      <span
        className="jsx-3140515621"
      >
        <a
          className="jsx-3140515621"
          href="/"
          onClick={[Function]}
        >
          Martin Zlámal
        </a>
      </span>
    </h1>
    <p
      style={
        Object {
          "fontSize": "2rem",
          "hyphens": "auto",
          "textAlign": "justify",
        }
      }
    >
      <span
        className="jsx-3140515621"
      >
        <a
          className="jsx-3140515621"
          href="/archive"
          onClick={[Function]}
        >
          ← back to the archive
        </a>
      </span>
    </p>
    <h1
      className="jsx-1056554702"
    >
      Sbohem NDBT, vítej Doctrine
    </h1>
    <div
      className="jsx-1056554702 article"
      dangerouslySetInnerHTML={
        Object {
          "__html": "<p>Byl jsem požádán, abych napsal nejenom důvod přechodu z Nette Database na Doctrine, ale obecně co mě k tomu vedlo a jak takový přechod vlastně učinit. Na úvod bych však chtěl zdůraznit, že nejsem žádný extra programátor, vlastně to ani nestuduji, takže vše co budu ukazovat a vysvětlovat je tedy z mého pohledu a lecjakého OOP znalce by tento text mohl pobouřit... (-:</p>
<p>Následující text používá <a href=\\"https://github.com/Kdyby/Doctrine\\">Kdyby\\\\Doctrine</a>, nevidím důvod proč ve spojení s Nette používat něco jiného. Je to dobrá knihovna.</p>
<h2 id=\\"sbohem-ndbt\\">Sbohem NDBT <a href=\\"#sbohem-ndbt\\">#</a></h2><p>Nette Database Table a obecně celé Nette Database je úžasná část frameworku a spokojeně jsem ji používal po velmi dlouhou dobu. Nikdy jsem neholdoval pokřikům, že je NDBT zabugované (jako někteří) a i když jsem vyzkoušel i jiné alternativy, vždy jsem se spokojeně vracel právě k NDBT. Použití je velice intuitivní a dobře se s tím zachází:</p>
<p>Model:</p>
<pre><code class=\\"lang-php\\">class Posts extends Nette\\\\Object {

    /** @var \\\\Nette\\\\Database\\\\Context */
    private $database;

    public function __construct(Nette\\\\Database\\\\Context $context) {
        $this-&gt;database = $context;
    }

    public function getAllPosts() {
        return $this-&gt;database-&gt;table(&#39;posts&#39;)-&gt;where(&#39;release_date &lt; NOW()&#39;);
    }

}
</code></pre>
<p>Presenter:</p>
<pre><code class=\\"lang-php\\">class HomepagePresenter extends BasePresenter {

    /** @var \\\\Posts @inject */
    public $posts;

    public function renderDefault() {
        $this-&gt;template-&gt;posts = $this-&gt;posts-&gt;getAllPosts();
    }

}
</code></pre>
<p>Je to jednoduché a jasné. Takové věci mám prostě rád. V modelové třídě mám jak select metody, tak insert metody, takže bych tomu správně neměl říkat repository, ale abych byl upřímný, tak je mi toto názvosloví celkem volné. Do takové objektu si prostě dám to co chci (tak jak mi to dává smysl). Nepřijde mi to vůbec podstatné. Tahání dat z databáze má však ještě jednu vrstvu a tou je vykreslování.</p>
<pre><code class=\\"lang-html\\">{foreach $posts as $post}
    &lt;h3&gt;&lt;a n:href=&quot;:Single:article $post-&gt;slug&quot;&gt;{$post-&gt;title|vlna}&lt;/a&gt;&lt;/h3&gt;
    &lt;p&gt;
        {foreach $post-&gt;related(&#39;posts_tags&#39;)-&gt;order(&#39;tag_id ASC&#39;) as $post_tag}
            &lt;a n:href=&quot;Tag:default, $post_tag-&gt;tag-&gt;name&quot;&gt;
                &lt;span style=&quot;background: #{$post_tag-&gt;tag-&gt;color}&quot;&gt;{$post_tag-&gt;tag-&gt;name}&lt;/span&gt;
            &lt;/a&gt;
        {/foreach}
        {$post-&gt;body|truncate:450}
    &lt;/p&gt;
{/foreach}
</code></pre>
<p>A to je věc, která mě dlouhou dobu trápila. Dá se čekat, že když v databázi existuje jakási vazba mezi příspěvkem a tagem, tak že tuto vazbu budu chtít nějak využít. A to pokud možno co nejvíce pohodlně. A co nejvíce pohodlně znamená, že v okamžik, kdy budu pracovat s příspěvkem a vzpomenu si, že potřebuji také tagy, tak tyto tagy také dostanu. Bohužel musím znát také spojovací tabulku, která nemá (minimálně v tomto případě) žádný faktický smysl a celkově práce s takto &quot;dopřivázanou&quot; tabulkou není vůbec pohodlná a už vůbec ne intuitivní. Dává to smysl a asi to tak být musí, takže proti NDBT žádná, ale tak nějak vnitřně jsem hledal něco lepšího (čti více vyhovujícího mým požadavkům).</p>
<h2 id=\\"v-tej-doctrine\\">Vítej Doctrine <a href=\\"#v-tej-doctrine\\">#</a></h2><p>Schválně se snažím vše popisovat podle mých myšlenkových pochodů, proto i nadále budu řešit úplně ten samý problém, jen s použitím Doctrine. Nutno ještě dodat, že Doctrine rozhodně nebyla jasná volba. Opět mi dlouho trvalo, než jsem obecně ORM přišel na chuť. Ještě před Doctrine jsem nějakou dobu experimentoval s <a href=\\"http://www.leanmapper.com/\\">Lean Mapperem</a> od Vojtěcha Kohouta (Tharos). Malou nevýhodou je, že téměř veškerá dokumentace je v brutálně dlouhém vláknu na Nette fóru, které má v tuto chvíli <strong>1023 příspěvků</strong>, takže je to občas dřina, ale myslím si, že je to skutečně povedená knihovna. Vojtěch Kohout má skutečně dobré myšlenky. Nicméně jsem prostě chtěl přijít Doctrine na chuť, takže jsem i Lean Mapper opustil. Občas dělám radikální změny, pokud by však někdo vyloženě potřeboval důvod k tomu začít s Doctrine (alespoň dočasně), pak tedy jeden mohu nabídnout. A bude velmi krátký. Vidíte někdy jako požadavek na zaměstnance znalost Lean Mapperu, nebo ActiveRow? Pokud ne, tak začněte s tím co se tam ukazuje často. Doctrine.</p>
<p>Ale zpět k tématu. Pojďme si ukázat modelovou část podle mě:</p>
<pre><code class=\\"lang-php\\">class Posts extends Nette\\\\Object {

    /** @var \\\\Kdyby\\\\Doctrine\\\\EntityDao */
    private $dao;

    public function __construct(Kdyby\\\\Doctrine\\\\EntityDao $dao) {
        $this-&gt;dao = $dao;
    }

    public function findBy(array $criteria, array $orderBy = null, $limit = null, $offset = null) {
        return $this-&gt;dao-&gt;findBy($criteria, $orderBy, $limit, $offset);
    }

}
</code></pre>
<p>Velmi podobné jako u předchozího modelu. Asi by šlo si napsat nějakou <code>__call</code> metodu, protože se dost často volá to co už je v DAO objektu (viz níže), ale kdo si to jak poslepuje, tak to bude mít... A co prezentační vrstva?</p>
<pre><code class=\\"lang-php\\">class HomepagePresenter extends BasePresenter {

    /** @var \\\\Posts @inject */
    public $posts;

    public function renderDefault() {
        $posts = $this-&gt;posts-&gt;findBy(array());
    }

}
</code></pre>
<p>To je také dost podobné. Pole kritérií potom slouží k dodatečnému filtrování ve tvaru např. <code>[&#39;id&#39; =&gt; 21]</code>, tedy předává se to, co se má použít i v SQL WHERE klauzuli. Tento zápis je mi poměrně blízký, protože jsem ho používal při komunikaci s jedním SOAP serverem. Ok, co na to šablona?</p>
<pre><code class=\\"lang-html\\">{foreach $posts as $post}
    &lt;h3&gt;&lt;a n:href=&quot;:Single:article $post-&gt;slug&quot;&gt;{$post-&gt;title|vlna}&lt;/a&gt;&lt;/h3&gt;
    &lt;p&gt;
        {foreach $post-&gt;tags as $tag}
            &lt;a n:href=&quot;Search:default, $tag-&gt;name&quot;&gt;
                &lt;span style=&quot;background: #{$tag-&gt;color}&quot;&gt;{$tag-&gt;name}&lt;/span&gt;
            &lt;/a&gt;
        {/foreach}
        {$post-&gt;body|truncate:450}
    &lt;/p&gt;
{/foreach}
</code></pre>
<p>Tak to je podle mě úplně super výsledek. Maximálně intuitivní a nic víc splňuje to má očekávání. Je však asi zřejmé, že jsem úplně vypustil jakoukoliv informaci o spojovací tabulce. A také jsem ještě neřekl, co je to <code>EntityDao</code>, se kterým se pracuje v modelu. Vlastně je to úplně jednoduché. V konfiguračním souboru definuji, že chci pracovat s jakýmsi DAO objektem, tedy objektem, který oproti repository umožňuje data nejen číst, ale také ukládat (opět pouze OOP slovíčkaření).</p>
<pre><code class=\\"lang-neon\\">services:
    - App\\\\Pictures(@doctrine.dao(Entity\\\\Picture))
    - App\\\\Posts(@doctrine.dao(Entity\\\\Post))
    - App\\\\Tags(@doctrine.dao(Entity\\\\Tag))
    - App\\\\Users(@doctrine.dao(Entity\\\\User))
</code></pre>
<p>Fajn, teď mám tedy v každé modelové třídě DAO objekt. Ten obsahuje několik metod, které výrazně usnadňují práci s Doctrine (<a href=\\"https://github.com/Kdyby/Doctrine/blob/master/src/Kdyby/Doctrine/EntityDao.php\\">source</a>). Do tohoto objektu předávám jakousi entitu. To je objekt, který reprezentuje strukturu databázové tabulky. To možná není napsáno úplně šťastně, ale prakticky to tak skutečně většinou je. Taková entita může vypadat například takto:</p>
<pre><code class=\\"lang-php\\">namespace Entity;

/**
 * @ORM\\\\Entity
 * @ORM\\\\Table(name=&quot;posts&quot;)
 */
class Post extends Doctrine\\\\Entities\\\\BaseEntity {

    /**
     * @ORM\\\\ManyToMany(targetEntity=&quot;Tag&quot;, inversedBy=&quot;posts&quot;, cascade={&quot;persist&quot;})
     * @ORM\\\\JoinTable(name=&quot;posts_tags&quot;)
     * @ORM\\\\OrderBy({&quot;name&quot; = &quot;ASC&quot;})
     */
    protected $tags;

    /**
     * @ORM\\\\Id
     * @ORM\\\\Column(type=&quot;integer&quot;)
     * @ORM\\\\GeneratedValue
     */
    protected $id;

    /** @ORM\\\\Column(type=&quot;text&quot;) */
    protected $title;

    /** @ORM\\\\Column(type=&quot;text&quot;) */
    protected $slug;

    /** @ORM\\\\Column(type=&quot;text&quot;) */
    protected $body;

    /** @ORM\\\\Column(type=&quot;datetime&quot;) */
    protected $date;

}
</code></pre>
<p>Zde je právě důležité to, že rovnou ukazuji, kde je entita reprezentující tagy (která vypadá podobně jako tato), jak se k ní dostanu a dokonce jak se má řadit. Tedy všechny tyto informace jsem ze šablony odstranil. Pro mě je to tedy úžasný pokrok, protože jsem dosáhl toho co jsem chtěl. Aby se mi s databází pracovalo dobře.</p>
<h2 id=\\"no-dob-e-ale-\\">No dobře, ale... <a href=\\"#no-dob-e-ale-\\">#</a></h2><p>A teď je právě čas na některé dotazy, které vznikly při přípravě tohoto článku. Tak například co když chceš položit vlastní dotaz, v Nette Database je to přeci snadné. V Doctrine <a href=\\"https://bitbucket.org/mrtnzlml/www.zeminem.cz/src/05dc03f0781fac574de26e128b6509d870b7b789/app/model/Posts.php?at=master&amp;fileviewer=file-view-default#Posts.php-128\\">také</a>. V tom by ORM nemělo nijak zásadně bránit...</p>
<p>Další věc je, že v presenteru stále zůstává jistá závislost na struktuře tabulek. Konkrétně opět mluvím o poli kritérií. Jak se úplně zbavit této závislosti a mít pokud možno vše tak, aby když změním strukturu, tak to změním jen někde a ne všude? K tomu se dají použít třeba query objekty, které v sobě drží podobu potřebného SQL dotazu, takže místo toho, abych stále ťukal ten samý dotaz, jen jinde, tak jej schovám do třídy a právě tu pak používám. Budoucí změna se pak pravděpodobně bude týkat právě pouze toho objektu a případně entit. Ono toto asi nejde úplně odstínit (nebo spíš nevím jak), protože vždy je potřeba data i nahrávat a tedy stanovit určitou hranici mezi tím co je závislé na databázi a co už není. Nicméně uvážím-li, že budu měnit strukturu tabulky třeba kvůli tomu, že chci přidat nová data, stejně budu do kódu muset jít a někde ty data vzít a někam je dát. Proto je toto možná úplně zbytečné řešit, protože tato závislost nikdy nepůjde úplně odstranit.</p>
<p>Další věc je trošku záludná. Týká se tříd pro vazební tabulky. Pokud tedy ukládám M:N vazbu jako v předchozím textu, tím myslím, že mi jde pouze o to, že chci uložit do této tabulky cizí klíče, tak se o nic nemusím starat a stačí mi pouze onen dokumentační komentář v entitě <code>Post</code> nad proměnnou <code>protected $tags</code>, kde je definováno vše potřebné. Problémové je, když chci uložit data i do vazební tabulky. Zde bych rád citoval jeden příspěvek ze StackOverflow, protože si myslím, že tam je vše řečeno naprosto přesně.</p>
<blockquote>
<p>A Many-To-Many association with additional values is not a Many-To-Many, but is indeed a new entity, since it now has an identifier (the two relations to the connected entities) and values.</p>
</blockquote>
<p>A přesně takto je s tím tedy potřeba zacházet. Už se nebavíme o vazební tabulce. Už se bavíme o normální tabulce, která vyžaduje svoji entitu a pouze obsahuje dva cizí klíče místo běžného jednoho.</p>
<p>Doufám, že se mi v tomto článku svojí délkou limitně blížící se k nekonečnu podařilo zodpovědět všechny dotazy a objasnit všechny pochybnosti. Pokud ne, můžete se na celou problematiku podívat pod drobnohledem ještě <a href=\\"https://bitbucket.org/mrtnzlml/zlml.cz/src/05dc03f0781fac574de26e128b6509d870b7b789/app/model/?at=master\\">zde</a>. Máte na celou problematiku jiný názor, nebo to jak to dělám já je kompletně špatně? Sem s tím... (-:</p>
",
        }
      }
    />
    <p
      style={
        Object {
          "fontSize": "2rem",
          "hyphens": "auto",
          "textAlign": "justify",
        }
      }
    >
      <strong>
        Do you have any comments? That's great!
         
        <span
          className="jsx-3140515621"
        >
          <a
            className="jsx-3140515621 "
            href="https://twitter.com/home?status=https%3A%2F%2Fzlml.cz%2Fsbohem-ndbt-vitej-doctrine%20cc%20%40mrtnzlml"
          >
            Tweet them
          </a>
        </span>
         
        so everyone can hear you…
      </strong>
    </p>
    <p
      style={
        Object {
          "fontSize": "2rem",
          "hyphens": "auto",
          "textAlign": "justify",
        }
      }
    >
      <span
        className="jsx-3140515621"
      >
        <a
          className="jsx-3140515621"
          href="/archive"
          onClick={[Function]}
        >
          ← back to the archive
        </a>
      </span>
    </p>
  </div>
</div>
`;
