// Jest Snapshot v1, https://goo.gl/fbAQLP

exports[`renders correctly 1`] = `
<div>
  <div
    className="jsx-1307704868 wrapper"
  >
    <p
      style={
        Object {
          "fontSize": "2rem",
          "hyphens": "auto",
          "textAlign": "justify",
        }
      }
    >
      ¡Hola! My name is
    </p>
    <h1
      className="jsx-2345896288"
    >
      <span
        className="jsx-3140515621"
      >
        <a
          className="jsx-3140515621"
          href="/"
          onClick={[Function]}
        >
          Martin Zlámal
        </a>
      </span>
    </h1>
    <p
      style={
        Object {
          "fontSize": "2rem",
          "hyphens": "auto",
          "textAlign": "justify",
        }
      }
    >
      <span
        className="jsx-3140515621"
      >
        <a
          className="jsx-3140515621"
          href="/archive"
          onClick={[Function]}
        >
          ← back to the archive
        </a>
      </span>
    </p>
    <h1
      className="jsx-1056554702"
    >
      Udržujete dokumentaci stále aktuální?
    </h1>
    <div
      className="jsx-1056554702 article"
      dangerouslySetInnerHTML={
        Object {
          "__html": "<p>Již dlouho si v hlavě pohrávám s jednou myšlenkou, kterou stále nemohu dovést do zdárného konce. Již na samém začátku jsem již však věděl, že se zajisté nezalíbí velké skupině programátorů. Přesto si myslím, že má něco do sebe. Jen jsem ji ještě nedomyslel tak, aby jsem s ním byl spokojen. Třeba bude mít někdo nějaký geniální nápad.</p>
<h2 id=\\"na-za-tku-byl-probl-m\\">Na začátku byl problém <a href=\\"#na-za-tku-byl-probl-m\\">#</a></h2><p>A každý problém by se měl řešit. Mluvím teď o jednom konkrétním. <em>Jak udržet dokumentaci projektu aktuální?</em> To je problém, který některé projekty dokáží bez větších problémů. Obdivuji člověka, který napíše kus kódu a k němu napíše přehlednou a užitečnou dokumentaci. Ještě více však obdivuji toho, kdo aktualizuje kus kódu a opět se pustí na přepisování dokumentace. V praxi je toto však bolístka, která trápí většinu projektů, které používá menší než obrovské množství...</p>
<p>Myslím si, že tento postup je částečně zcestný. Není problém napsat dokumentaci, ale problém je se pak vracet k napsaným textům a číst je znova a znova a stále je upravovat. Má tento problém vůbec nějaké řešení? Možná ano. Pokud zůstanu u myšlenky, že jednou napsat dokumentace a dost, může se leckomu zdát, že při tomto postupu není možné dokumentaci aktualizovat. Definjme tedy alespoň rámcově tyto pojmy. Pod dokumentací si představuji webovou stránku s případnou obsahovou strukturou, která obsahuje jak veškeré naučné texty, tak ukázky kódů. Praktické ukázky. Tak jak to ve skutečnosti funguje.</p>
<p>Běžné zadání dokumentace, že? Nikde jsem však nenapsal, že tato dokumentace musí obsahovat přímo napsané povídání. Musí tento text ve výsledku obsahovat, ale nemusí být součástí!</p>
<h2 id=\\"co-pros-m-\\">Co prosím? <a href=\\"#co-pros-m-\\">#</a></h2><p>Myslím to přesně tak jak jsem napsal. Dokumentace musí na výstupu obsahovat veškeré texty a prostě všechno, ale nemusí je při tvorbě obsahovat. To zní možná trošku divně. Není ta věta v rozporu sama se sebou? Ne nutně. Dokumentaci bych si opravdu představoval jako soubor pravidel obsahující nadpis, několik programových direktiv a to by bylo v podstatě všechno. Mohlo by to vypadat například takto pro nějaký tutoriál:</p>
<pre><code>Toto je nadpis stránky v dokumentaci

index.php
bootstrap.php
HomepagePresenter.php:renderDefault
</code></pre><p>Schválně jsem zvolil všem tolik známý sandbox z Nette Frameworku. V souboru bych tedy jen definoval jen (omáčku okolo), nadpis, soubory odkud se má dokumentace generovat, popř. nějaký výběr. Zde je nutné říct, že by byl projekt po programové stránce poněkud zvláštní a nejsem si jist, jestli je to úplně OK. usel by totiž obsahovat onu dokumentaci viz např. <em>index.php</em>:</p>
<pre><code class=\\"lang-php\\">&lt;?php

/**
 ** Zde je umístněna dokumentace.
 ** Obsahuje kompletní poučný text, který se pak vyfiltruje do dokumentace včetně
 ** řádků, popř. metod ke kterám se vztahuje. Pro lepší použití by bylo potřeba
 ** definovat několik zřejmě anotací jako např:
 **
 ** @doc-lines 12-14
 ** @doc-highlight 14
 **/
$container = require __DIR__ . &#39;/../app/bootstrap.php&#39;; ///&gt;label

$container-&gt;application-&gt;run();
</code></pre>
<p>Takovýto soubor je pak jednoduché vzít, rozebrat, naservírovat text, aplikovat funkci entit a vykreslit i kód ke kterému se tento komentář vztahuje. Možná by šlo vytvořit i nějaká návěští pro odkazování se do kódu, protože číslo řádky není úplně nejvhodnější (<code>///&gt;label</code>).</p>
<h2 id=\\"pro-et-contra\\">Pro et Contra <a href=\\"#pro-et-contra\\">#</a></h2><p>Jednoznačně by tento postup vedl k tomu, aby programátor kromě psaní kódu udržoval i komentář, který by byl běžně velmi blízko. Jednalo by se tak vlastně o jednu práci. Netřeba otevírat celou dokumentaci, stačí změnit pouze malou část, která se s pushnutím zobrazí i v dokumentaci. Na druhou stranu, nedovedu si tento postup představit v kombinaci s klasickým PHPDOC. Nenapadá mě jiné řešení, než udržovat klasický projekt a vedle projekt, který by sloužil pouze pro dokumentaci. Například onen sandbox z NetteFW. Při takovém postupu mi to však dává docela dobrý smysl. Dokumentace by byla doslova stejně aktuální jako zdrojové kódy a to včetně ukázek! Co je u takových projektů důležitější?</p>
<p>Mimochodem. PHP k tomuto má velmi blízko. Minimálně podle jejich dokumentačních &quot;slohokomentářů&quot;. S tímto problémem také lehce souvisí verzování projektů o kterém bych se chtěl rozepsat jindy.</p>
<p>Teď však zpět k myšlence. Jak moc je to hloupý nápad? Co je jeho překážkou? Proč by ho nešlo prakticky použít?</p>
",
        }
      }
    />
    <p
      style={
        Object {
          "fontSize": "2rem",
          "hyphens": "auto",
          "textAlign": "justify",
        }
      }
    >
      <strong>
        Do you have any comments? That's great!
         
        <span
          className="jsx-3140515621"
        >
          <a
            className="jsx-3140515621 "
            href="https://twitter.com/home?status=https%3A%2F%2Fzlml.cz%2Fudrzujete-dokumentaci-stale-aktualni%20cc%20%40mrtnzlml"
          >
            Tweet them
          </a>
        </span>
         
        so everyone can hear you…
      </strong>
    </p>
    <p
      style={
        Object {
          "fontSize": "2rem",
          "hyphens": "auto",
          "textAlign": "justify",
        }
      }
    >
      <span
        className="jsx-3140515621"
      >
        <a
          className="jsx-3140515621"
          href="/archive"
          onClick={[Function]}
        >
          ← back to the archive
        </a>
      </span>
    </p>
  </div>
</div>
`;
